  CREATE_STREAM @0 {NAME:wr_fixed_psel1_1byte_no_error_seq T:Transactions SCOPE:uvm_test_top.apb_env.axi_agt.sequencer STREAM:897}
  CREATE_STREAM @0 {NAME:wr_fixed_psel1_2byte_no_error_seq T:Transactions SCOPE:uvm_test_top.apb_env.axi_agt.sequencer STREAM:897}
  CREATE_STREAM @0 {NAME:wr_fixed_psel1_4byte_no_error_seq T:Transactions SCOPE:uvm_test_top.apb_env.axi_agt.sequencer STREAM:897}
  CREATE_STREAM @0 {NAME:wr_fixed_psel2_1byte_no_error_seq T:Transactions SCOPE:uvm_test_top.apb_env.axi_agt.sequencer STREAM:897}
  CREATE_STREAM @0 {NAME:wr_fixed_psel2_2byte_no_error_seq T:Transactions SCOPE:uvm_test_top.apb_env.axi_agt.sequencer STREAM:897}
  CREATE_STREAM @0 {NAME:wr_fixed_psel2_4byte_no_error_seq T:Transactions SCOPE:uvm_test_top.apb_env.axi_agt.sequencer STREAM:897}
  CREATE_STREAM @0 {NAME:wr_fixed_psel3_1byte_no_error_seq T:Transactions SCOPE:uvm_test_top.apb_env.axi_agt.sequencer STREAM:897}
  CREATE_STREAM @0 {NAME:wr_fixed_psel3_2byte_no_error_seq T:Transactions SCOPE:uvm_test_top.apb_env.axi_agt.sequencer STREAM:897}
  CREATE_STREAM @0 {NAME:wr_fixed_psel3_4byte_no_error_seq T:Transactions SCOPE:uvm_test_top.apb_env.axi_agt.sequencer STREAM:897}
  CREATE_STREAM @0 {NAME:wr_fixed_psel1_4byte_no_error_seq T:Transactions SCOPE:uvm_test_top.apb_env.axi_agt.sequencer STREAM:897}
  CREATE_STREAM @0 {NAME:wr_fixed_psel2_4byte_no_error_seq T:Transactions SCOPE:uvm_test_top.apb_env.axi_agt.sequencer STREAM:897}
  CREATE_STREAM @0 {NAME:wr_fixed_psel3_4byte_no_error_seq T:Transactions SCOPE:uvm_test_top.apb_env.axi_agt.sequencer STREAM:897}
  CREATE_STREAM @0 {NAME:multiple_wr_fixed_seq T:Transactions SCOPE:uvm_test_top.apb_env.axi_agt.sequencer STREAM:897}
  CREATE_STREAM @0 {NAME:wr_incr_psel1_1byte_no_error_seq T:Transactions SCOPE:uvm_test_top.apb_env.axi_agt.sequencer STREAM:897}
  CREATE_STREAM @0 {NAME:wr_incr_psel1_2byte_no_error_seq T:Transactions SCOPE:uvm_test_top.apb_env.axi_agt.sequencer STREAM:897}
  CREATE_STREAM @0 {NAME:wr_incr_psel1_4byte_no_error_seq T:Transactions SCOPE:uvm_test_top.apb_env.axi_agt.sequencer STREAM:897}
  CREATE_STREAM @0 {NAME:wr_incr_psel2_1byte_no_error_seq T:Transactions SCOPE:uvm_test_top.apb_env.axi_agt.sequencer STREAM:897}
  CREATE_STREAM @0 {NAME:wr_incr_psel2_2byte_no_error_seq T:Transactions SCOPE:uvm_test_top.apb_env.axi_agt.sequencer STREAM:897}
  CREATE_STREAM @0 {NAME:wr_incr_psel2_4byte_no_error_seq T:Transactions SCOPE:uvm_test_top.apb_env.axi_agt.sequencer STREAM:897}
  CREATE_STREAM @0 {NAME:wr_incr_psel3_1byte_no_error_seq T:Transactions SCOPE:uvm_test_top.apb_env.axi_agt.sequencer STREAM:897}
  CREATE_STREAM @0 {NAME:wr_incr_psel3_2byte_no_error_seq T:Transactions SCOPE:uvm_test_top.apb_env.axi_agt.sequencer STREAM:897}
  CREATE_STREAM @0 {NAME:wr_incr_psel3_4byte_no_error_seq T:Transactions SCOPE:uvm_test_top.apb_env.axi_agt.sequencer STREAM:897}
  CREATE_STREAM @0 {NAME:wr_incr_psel1_4byte_no_error_seq T:Transactions SCOPE:uvm_test_top.apb_env.axi_agt.sequencer STREAM:897}
  CREATE_STREAM @0 {NAME:wr_incr_psel2_4byte_no_error_seq T:Transactions SCOPE:uvm_test_top.apb_env.axi_agt.sequencer STREAM:897}
  CREATE_STREAM @0 {NAME:wr_incr_psel3_4byte_no_error_seq T:Transactions SCOPE:uvm_test_top.apb_env.axi_agt.sequencer STREAM:897}
  CREATE_STREAM @0 {NAME:wr_incr_psel12_4byte_no_error_seq T:Transactions SCOPE:uvm_test_top.apb_env.axi_agt.sequencer STREAM:897}
  CREATE_STREAM @0 {NAME:wr_incr_psel23_4byte_no_error_seq T:Transactions SCOPE:uvm_test_top.apb_env.axi_agt.sequencer STREAM:897}
  CREATE_STREAM @0 {NAME:wr_incr_psel12_4byte_no_error_seq T:Transactions SCOPE:uvm_test_top.apb_env.axi_agt.sequencer STREAM:897}
  CREATE_STREAM @0 {NAME:wr_incr_psel23_4byte_no_error_seq T:Transactions SCOPE:uvm_test_top.apb_env.axi_agt.sequencer STREAM:897}
  CREATE_STREAM @0 {NAME:multiple_wr_incr_seq T:Transactions SCOPE:uvm_test_top.apb_env.axi_agt.sequencer STREAM:897}
  CREATE_STREAM @0 {NAME:wr_wrap_psel1_1byte_no_error_seq T:Transactions SCOPE:uvm_test_top.apb_env.axi_agt.sequencer STREAM:897}
  CREATE_STREAM @0 {NAME:wr_wrap_psel1_2byte_no_error_seq T:Transactions SCOPE:uvm_test_top.apb_env.axi_agt.sequencer STREAM:897}
  CREATE_STREAM @0 {NAME:wr_wrap_psel1_4byte_no_error_seq T:Transactions SCOPE:uvm_test_top.apb_env.axi_agt.sequencer STREAM:897}
  CREATE_STREAM @0 {NAME:wr_wrap_psel2_1byte_no_error_seq T:Transactions SCOPE:uvm_test_top.apb_env.axi_agt.sequencer STREAM:897}
  CREATE_STREAM @0 {NAME:wr_wrap_psel2_2byte_no_error_seq T:Transactions SCOPE:uvm_test_top.apb_env.axi_agt.sequencer STREAM:897}
  CREATE_STREAM @0 {NAME:wr_wrap_psel2_4byte_no_error_seq T:Transactions SCOPE:uvm_test_top.apb_env.axi_agt.sequencer STREAM:897}
  CREATE_STREAM @0 {NAME:wr_wrap_psel3_1byte_no_error_seq T:Transactions SCOPE:uvm_test_top.apb_env.axi_agt.sequencer STREAM:897}
  CREATE_STREAM @0 {NAME:wr_wrap_psel3_2byte_no_error_seq T:Transactions SCOPE:uvm_test_top.apb_env.axi_agt.sequencer STREAM:897}
  CREATE_STREAM @0 {NAME:wr_wrap_psel3_4byte_no_error_seq T:Transactions SCOPE:uvm_test_top.apb_env.axi_agt.sequencer STREAM:897}
  CREATE_STREAM @0 {NAME:wr_wrap_psel1_4byte_no_error_seq T:Transactions SCOPE:uvm_test_top.apb_env.axi_agt.sequencer STREAM:897}
  CREATE_STREAM @0 {NAME:wr_wrap_psel2_4byte_no_error_seq T:Transactions SCOPE:uvm_test_top.apb_env.axi_agt.sequencer STREAM:897}
  CREATE_STREAM @0 {NAME:wr_wrap_psel3_4byte_no_error_seq T:Transactions SCOPE:uvm_test_top.apb_env.axi_agt.sequencer STREAM:897}
  CREATE_STREAM @0 {NAME:wr_wrap_psel12_4byte_no_error_seq T:Transactions SCOPE:uvm_test_top.apb_env.axi_agt.sequencer STREAM:897}
  CREATE_STREAM @0 {NAME:wr_wrap_psel23_4byte_no_error_seq T:Transactions SCOPE:uvm_test_top.apb_env.axi_agt.sequencer STREAM:897}
  CREATE_STREAM @0 {NAME:wr_wrap_psel12_4byte_no_error_seq T:Transactions SCOPE:uvm_test_top.apb_env.axi_agt.sequencer STREAM:897}
  CREATE_STREAM @0 {NAME:wr_wrap_psel23_4byte_no_error_seq T:Transactions SCOPE:uvm_test_top.apb_env.axi_agt.sequencer STREAM:897}
  CREATE_STREAM @0 {NAME:multiple_wr_wrap_seq T:Transactions SCOPE:uvm_test_top.apb_env.axi_agt.sequencer STREAM:897}
  CREATE_STREAM @0 {NAME:rd_fixed_psel1_1byte_no_error_seq T:Transactions SCOPE:uvm_test_top.apb_env.axi_agt.sequencer STREAM:897}
  CREATE_STREAM @0 {NAME:rd_fixed_psel1_2byte_no_error_seq T:Transactions SCOPE:uvm_test_top.apb_env.axi_agt.sequencer STREAM:897}
  CREATE_STREAM @0 {NAME:rd_fixed_psel1_4byte_no_error_seq T:Transactions SCOPE:uvm_test_top.apb_env.axi_agt.sequencer STREAM:897}
  CREATE_STREAM @0 {NAME:rd_fixed_psel2_1byte_no_error_seq T:Transactions SCOPE:uvm_test_top.apb_env.axi_agt.sequencer STREAM:897}
  CREATE_STREAM @0 {NAME:rd_fixed_psel2_2byte_no_error_seq T:Transactions SCOPE:uvm_test_top.apb_env.axi_agt.sequencer STREAM:897}
  CREATE_STREAM @0 {NAME:rd_fixed_psel2_4byte_no_error_seq T:Transactions SCOPE:uvm_test_top.apb_env.axi_agt.sequencer STREAM:897}
  CREATE_STREAM @0 {NAME:rd_fixed_psel3_1byte_no_error_seq T:Transactions SCOPE:uvm_test_top.apb_env.axi_agt.sequencer STREAM:897}
  CREATE_STREAM @0 {NAME:rd_fixed_psel3_2byte_no_error_seq T:Transactions SCOPE:uvm_test_top.apb_env.axi_agt.sequencer STREAM:897}
